Archive member included to satisfy reference by file (symbol)

c:/toolchains/gcc-am-none-eabi-9-2019/bin/../lib/gcc/arm-none-eabi/11.3.1/thumb/v7-m/nofp\libc_nano.a(libc_a-exit.o)
                              c:/toolchains/gcc-am-none-eabi-9-2019/bin/../lib/gcc/arm-none-eabi/11.3.1/thumb/v7-m/nofp/crt0.o (exit)
c:/toolchains/gcc-am-none-eabi-9-2019/bin/../lib/gcc/arm-none-eabi/11.3.1/thumb/v7-m/nofp\libc_nano.a(libc_a-findfp.o)
                              c:/toolchains/gcc-am-none-eabi-9-2019/bin/../lib/gcc/arm-none-eabi/11.3.1/thumb/v7-m/nofp\libc_nano.a(libc_a-exit.o) (__stdio_exit_handler)
c:/toolchains/gcc-am-none-eabi-9-2019/bin/../lib/gcc/arm-none-eabi/11.3.1/thumb/v7-m/nofp\libc_nano.a(libc_a-fwalk.o)
                              c:/toolchains/gcc-am-none-eabi-9-2019/bin/../lib/gcc/arm-none-eabi/11.3.1/thumb/v7-m/nofp\libc_nano.a(libc_a-findfp.o) (_fwalk_sglue)
c:/toolchains/gcc-am-none-eabi-9-2019/bin/../lib/gcc/arm-none-eabi/11.3.1/thumb/v7-m/nofp\libc_nano.a(libc_a-stdio.o)
                              c:/toolchains/gcc-am-none-eabi-9-2019/bin/../lib/gcc/arm-none-eabi/11.3.1/thumb/v7-m/nofp\libc_nano.a(libc_a-findfp.o) (__sread)
c:/toolchains/gcc-am-none-eabi-9-2019/bin/../lib/gcc/arm-none-eabi/11.3.1/thumb/v7-m/nofp\libc_nano.a(libc_a-memset.o)
                              c:/toolchains/gcc-am-none-eabi-9-2019/bin/../lib/gcc/arm-none-eabi/11.3.1/thumb/v7-m/nofp/crt0.o (memset)
c:/toolchains/gcc-am-none-eabi-9-2019/bin/../lib/gcc/arm-none-eabi/11.3.1/thumb/v7-m/nofp\libc_nano.a(libc_a-closer.o)
                              c:/toolchains/gcc-am-none-eabi-9-2019/bin/../lib/gcc/arm-none-eabi/11.3.1/thumb/v7-m/nofp\libc_nano.a(libc_a-stdio.o) (_close_r)
c:/toolchains/gcc-am-none-eabi-9-2019/bin/../lib/gcc/arm-none-eabi/11.3.1/thumb/v7-m/nofp\libc_nano.a(libc_a-reent.o)
                              c:/toolchains/gcc-am-none-eabi-9-2019/bin/../lib/gcc/arm-none-eabi/11.3.1/thumb/v7-m/nofp\libc_nano.a(libc_a-closer.o) (errno)
c:/toolchains/gcc-am-none-eabi-9-2019/bin/../lib/gcc/arm-none-eabi/11.3.1/thumb/v7-m/nofp\libc_nano.a(libc_a-impure.o)
                              c:/toolchains/gcc-am-none-eabi-9-2019/bin/../lib/gcc/arm-none-eabi/11.3.1/thumb/v7-m/nofp\libc_nano.a(libc_a-reent.o) (_impure_ptr)
c:/toolchains/gcc-am-none-eabi-9-2019/bin/../lib/gcc/arm-none-eabi/11.3.1/thumb/v7-m/nofp\libc_nano.a(libc_a-lseekr.o)
                              c:/toolchains/gcc-am-none-eabi-9-2019/bin/../lib/gcc/arm-none-eabi/11.3.1/thumb/v7-m/nofp\libc_nano.a(libc_a-stdio.o) (_lseek_r)
c:/toolchains/gcc-am-none-eabi-9-2019/bin/../lib/gcc/arm-none-eabi/11.3.1/thumb/v7-m/nofp\libc_nano.a(libc_a-readr.o)
                              c:/toolchains/gcc-am-none-eabi-9-2019/bin/../lib/gcc/arm-none-eabi/11.3.1/thumb/v7-m/nofp\libc_nano.a(libc_a-stdio.o) (_read_r)
c:/toolchains/gcc-am-none-eabi-9-2019/bin/../lib/gcc/arm-none-eabi/11.3.1/thumb/v7-m/nofp\libc_nano.a(libc_a-writer.o)
                              c:/toolchains/gcc-am-none-eabi-9-2019/bin/../lib/gcc/arm-none-eabi/11.3.1/thumb/v7-m/nofp\libc_nano.a(libc_a-stdio.o) (_write_r)
c:/toolchains/gcc-am-none-eabi-9-2019/bin/../lib/gcc/arm-none-eabi/11.3.1/thumb/v7-m/nofp\libc_nano.a(libc_a-init.o)
                              c:/toolchains/gcc-am-none-eabi-9-2019/bin/../lib/gcc/arm-none-eabi/11.3.1/thumb/v7-m/nofp/crt0.o (__libc_init_array)
c:/toolchains/gcc-am-none-eabi-9-2019/bin/../lib/gcc/arm-none-eabi/11.3.1/thumb/v7-m/nofp\libc_nano.a(libc_a-lock.o)
                              c:/toolchains/gcc-am-none-eabi-9-2019/bin/../lib/gcc/arm-none-eabi/11.3.1/thumb/v7-m/nofp\libc_nano.a(libc_a-findfp.o) (__retarget_lock_init_recursive)
c:/toolchains/gcc-am-none-eabi-9-2019/bin/../lib/gcc/arm-none-eabi/11.3.1/thumb/v7-m/nofp\libc_nano.a(libc_a-freer.o)
                              c:/toolchains/gcc-am-none-eabi-9-2019/bin/../lib/gcc/arm-none-eabi/11.3.1/thumb/v7-m/nofp\libc_nano.a(libc_a-reent.o) (_free_r)
c:/toolchains/gcc-am-none-eabi-9-2019/bin/../lib/gcc/arm-none-eabi/11.3.1/thumb/v7-m/nofp\libc_nano.a(libc_a-mallocr.o)
                              c:/toolchains/gcc-am-none-eabi-9-2019/bin/../lib/gcc/arm-none-eabi/11.3.1/thumb/v7-m/nofp\libc_nano.a(libc_a-findfp.o) (_malloc_r)
c:/toolchains/gcc-am-none-eabi-9-2019/bin/../lib/gcc/arm-none-eabi/11.3.1/thumb/v7-m/nofp\libc_nano.a(libc_a-mlock.o)
                              c:/toolchains/gcc-am-none-eabi-9-2019/bin/../lib/gcc/arm-none-eabi/11.3.1/thumb/v7-m/nofp\libc_nano.a(libc_a-freer.o) (__malloc_lock)
c:/toolchains/gcc-am-none-eabi-9-2019/bin/../lib/gcc/arm-none-eabi/11.3.1/thumb/v7-m/nofp\libc_nano.a(libc_a-fflush.o)
                              c:/toolchains/gcc-am-none-eabi-9-2019/bin/../lib/gcc/arm-none-eabi/11.3.1/thumb/v7-m/nofp\libc_nano.a(libc_a-findfp.o) (_fflush_r)
c:/toolchains/gcc-am-none-eabi-9-2019/bin/../lib/gcc/arm-none-eabi/11.3.1/thumb/v7-m/nofp\libc_nano.a(libc_a-sbrkr.o)
[...]
Memory Configuration

Name             Origin             Length             Attributes
RAM              0x20000000         0x00005000         xrw
FLASH            0x08000000         0x00010000         xr
*default*        0x00000000         0xffffffff

Linker script and memory map

LOAD c:/toolchains/gcc-am-none-eabi-9-2019/bin/../lib/gcc/arm-none-eabi/11.3.1/thumb/v7-m/nofp/crti.o
LOAD c:/toolchains/gcc-am-none-eabi-9-2019/bin/../lib/gcc/arm-none-eabi/11.3.1/thumb/v7-m/nofp/crtbegin.o
LOAD c:/toolchains/gcc-am-none-eabi-9-2019/bin/../lib/gcc/arm-none-eabi/11.3.1/thumb/v7-m/nofp/crt0.o
LOAD build/main.o
LOAD build/stm32f1xx_it.o
LOAD build/stm32f1xx_hal_msp.o
LOAD build/stm32f1xx_hal_gpio_ex.o
LOAD build/stm32f1xx_hal_tim.o
LOAD build/stm32f1xx_hal_tim_ex.o
LOAD build/stm32f1xx_hal.o
LOAD build/stm32f1xx_hal_rcc.o
LOAD build/stm32f1xx_hal_rcc_ex.o
LOAD build/stm32f1xx_hal_gpio.o
LOAD build/stm32f1xx_hal_dma.o
LOAD build/stm32f1xx_hal_cortex.o
LOAD build/stm32f1xx_hal_pwr.o
LOAD build/stm32f1xx_hal_flash.o
LOAD build/stm32f1xx_hal_flash_ex.o
LOAD build/stm32f1xx_hal_exti.o
LOAD build/system_stm32f1xx.o
LOAD build/startup_stm32f103xb.o
LOAD c:/toolchains/gcc-am-none-eabi-9-2019/bin/../lib/gcc/arm-none-eabi/11.3.1/thumb/v7-m/nofp\libc_nano.a
LOAD c:/toolchains/gcc-am-none-eabi-9-2019/bin/../lib/gcc/arm-none-eabi/11.3.1/thumb/v7-m/nofp\libm.a
LOAD c:/toolchains/gcc-am-none-eabi-9-2019/bin/../lib/gcc/arm-none-eabi/11.3.1/thumb/v7-m/nofp\libnosys.a
START GROUP
LOAD c:/toolchains/gcc-am-none-eabi-9-2019/bin/../lib/gcc/arm-none-eabi/11.3.1/thumb/v7-m/nofp\libgcc.a
LOAD c:/toolchains/gcc-am-none-eabi-9-2019/bin/../lib/gcc/arm-none-eabi/11.3.1/thumb/v7-m/nofp\libc_nano.a
END GROUP
START GROUP
LOAD c:/toolchains/gcc-am-none-eabi-9-2019/bin/../lib/gcc/arm-none-eabi/11.3.1/thumb/v7-m/nofp\libgcc.a
LOAD c:/toolchains/gcc-am-none-eabi-9-2019/bin/../lib/gcc/arm-none-eabi/11.3.1/thumb/v7-m/nofp\libc_nano.a
END GROUP
LOAD c:/toolchains/gcc-am-none-eabi-9-2019/bin/../lib/gcc/arm-none-eabi/11.3.1/thumb/v7-m/nofp/crtend.o
LOAD c:/toolchains/gcc-am-none-eabi-9-2019/bin/../lib/gcc/arm-none-eabi/11.3.1/thumb/v7-m/nofp/crtn.o
                0x20005000                _estack = (ORIGIN (RAM) + LENGTH (RAM))
                0x00000200                _Min_Heap_Size = 0x200
                0x00000400                _Min_Stack_Size = 0x400

.isr_vector     0x08000000      0x10c
                0x08000000                . = ALIGN (0x4)
 *(.isr_vector)
 .isr_vector    0x08000000      0x10c build/startup_stm32f103xb.o
                0x08000000                g_pfnVectors
                0x0800010c                . = ALIGN (0x4)

.text           0x0800010c      0x984
                0x0800010c                . = ALIGN (0x4)
 *(.text)
 *(.text*)
 .text.deregister_tm_clones
                0x0800010c       0x1c c:/toolchains/gcc-am-none-eabi-9-2019/bin/../lib/gcc/arm-none-eabi/11.3.1/thumb/v7-m/nofp/crtbegin.o
 .text.register_tm_clones
                0x08000128       0x24 c:/toolchains/gcc-am-none-eabi-9-2019/bin/../lib/gcc/arm-none-eabi/11.3.1/thumb/v7-m/nofp/crtbegin.o
 .text.__do_global_dtors_aux
                0x0800014c       0x28 c:/toolchains/gcc-am-none-eabi-9-2019/bin/../lib/gcc/arm-none-eabi/11.3.1/thumb/v7-m/nofp/crtbegin.o
 .text.frame_dummy
                0x08000174       0x24 c:/toolchains/gcc-am-none-eabi-9-2019/bin/../lib/gcc/arm-none-eabi/11.3.1/thumb/v7-m/nofp/crtbegin.o
 .text.Error_Handler
                0x08000198        0x4 build/main.o
                0x08000198                Error_Handler
 .text.SystemClock_Config
                0x0800019c       0x52 build/main.o
                0x0800019c                SystemClock_Config
 *fill*         0x080001ee        0x2 
 .text.main     0x080001f0       0x30 build/main.o
                0x080001f0                main
 .text.NMI_Handler
                0x08000220        0x2 build/stm32f1xx_it.o
                0x08000220                NMI_Handler
 .text.HardFault_Handler
                0x08000222        0x2 build/stm32f1xx_it.o
                0x08000222                HardFault_Handler
 .text.MemManage_Handler
                0x08000224        0x2 build/stm32f1xx_it.o
                0x08000224                MemManage_Handler
 .text.BusFault_Handler
                0x08000226        0x2 build/stm32f1xx_it.o
                0x08000226                BusFault_Handler
 .text.UsageFault_Handler
                0x08000228        0x2 build/stm32f1xx_it.o
                0x08000228                UsageFault_Handler
 .text.SVC_Handler
                0x0800022a        0x2 build/stm32f1xx_it.o
                0x0800022a                SVC_Handler
 .text.DebugMon_Handler
                0x0800022c        0x2 build/stm32f1xx_it.o
                0x0800022c                DebugMon_Handler
 .text.PendSV_Handler
                0x0800022e        0x2 build/stm32f1xx_it.o
                0x0800022e                PendSV_Handler
 .text.SysTick_Handler
                0x08000230        0x8 build/stm32f1xx_it.o
                0x08000230                SysTick_Handler
 .text.HAL_MspInit
                0x08000238       0x30 build/stm32f1xx_hal_msp.o
                0x08000238                HAL_MspInit
 .text.HAL_InitTick
                0x08000268       0x4c build/stm32f1xx_hal.o
                0x08000268                HAL_InitTick
 .text.HAL_Init
                0x080002b4       0x24 build/stm32f1xx_hal.o
                0x080002b4                HAL_Init
 .text.HAL_IncTick
                0x080002d8       0x18 build/stm32f1xx_hal.o
                0x080002d8                HAL_IncTick
 .text.HAL_GetTick
                0x080002f0        0xc build/stm32f1xx_hal.o
                0x080002f0                HAL_GetTick
 .text.RCC_Delay
                0x080002fc       0x2c build/stm32f1xx_hal_rcc.o
 .text.HAL_RCC_OscConfig
                0x08000328      0x410 build/stm32f1xx_hal_rcc.o
                0x08000328                HAL_RCC_OscConfig
 .text.HAL_RCC_GetSysClockFreq
                0x08000738       0x70 build/stm32f1xx_hal_rcc.o
                0x08000738                HAL_RCC_GetSysClockFreq
 .text.HAL_RCC_ClockConfig
                0x080007a8      0x16c build/stm32f1xx_hal_rcc.o
                0x080007a8                HAL_RCC_ClockConfig
 .text.HAL_NVIC_SetPriorityGrouping
                0x08000914       0x24 build/stm32f1xx_hal_cortex.o
                0x08000914                HAL_NVIC_SetPriorityGrouping
 .text.HAL_NVIC_SetPriority
                0x08000938       0x70 build/stm32f1xx_hal_cortex.o
                0x08000938                HAL_NVIC_SetPriority
 .text.HAL_SYSTICK_Config
                0x080009a8       0x28 build/stm32f1xx_hal_cortex.o
                0x080009a8                HAL_SYSTICK_Config
 .text.SystemInit
                0x080009d0        0x2 build/system_stm32f1xx.o
                0x080009d0                SystemInit
 *fill*         0x080009d2        0x2 
 .text.Reset_Handler
                0x080009d4       0x48 build/startup_stm32f103xb.o
                0x080009d4                Reset_Handler
 .text.Default_Handler
                0x08000a1c        0x2 build/startup_stm32f103xb.o
                0x08000a1c                RTC_Alarm_IRQHandler
                0x08000a1c                EXTI2_IRQHandler
                0x08000a1c                TIM1_CC_IRQHandler
                0x08000a1c                PVD_IRQHandler
                0x08000a1c                EXTI3_IRQHandler
                0x08000a1c                EXTI0_IRQHandler
                0x08000a1c                I2C2_EV_IRQHandler
                0x08000a1c                ADC1_2_IRQHandler
                0x08000a1c                SPI1_IRQHandler
                0x08000a1c                TAMPER_IRQHandler
                0x08000a1c                DMA1_Channel4_IRQHandler
                0x08000a1c                USART3_IRQHandler
                0x08000a1c                RTC_IRQHandler
                0x08000a1c                DMA1_Channel7_IRQHandler
                0x08000a1c                CAN1_RX1_IRQHandler
                0x08000a1c                TIM4_IRQHandler
                0x08000a1c                I2C1_EV_IRQHandler
                0x08000a1c                DMA1_Channel6_IRQHandler
                0x08000a1c                TIM3_IRQHandler
                0x08000a1c                RCC_IRQHandler
                0x08000a1c                TIM1_TRG_COM_IRQHandler
                0x08000a1c                DMA1_Channel1_IRQHandler
                0x08000a1c                Default_Handler
                0x08000a1c                EXTI15_10_IRQHandler
                0x08000a1c                EXTI9_5_IRQHandler
                0x08000a1c                SPI2_IRQHandler
                0x08000a1c                DMA1_Channel5_IRQHandler
                0x08000a1c                EXTI4_IRQHandler
                0x08000a1c                USB_LP_CAN1_RX0_IRQHandler
                0x08000a1c                USB_HP_CAN1_TX_IRQHandler
                0x08000a1c                DMA1_Channel3_IRQHandler
                0x08000a1c                TIM1_UP_IRQHandler
                0x08000a1c                WWDG_IRQHandler
                0x08000a1c                TIM2_IRQHandler
                0x08000a1c                TIM1_BRK_IRQHandler
                0x08000a1c                EXTI1_IRQHandler
                0x08000a1c                USART2_IRQHandler
                0x08000a1c                I2C2_ER_IRQHandler
                0x08000a1c                DMA1_Channel2_IRQHandler
                0x08000a1c                CAN1_SCE_IRQHandler
                0x08000a1c                FLASH_IRQHandler
                0x08000a1c                USART1_IRQHandler
                0x08000a1c                I2C1_ER_IRQHandler
                0x08000a1c                USBWakeUp_IRQHandler
 .text.memset   0x08000a1e       0x10 c:/toolchains/gcc-am-none-eabi-9-2019/bin/../lib/gcc/arm-none-eabi/11.3.1/thumb/v7-m/nofp\libc_nano.a(libc_a-memset.o)
                0x08000a1e                memset
 *fill*         0x08000a2e        0x2 
 .text.__libc_init_array
                0x08000a30       0x48 c:/toolchains/gcc-am-none-eabi-9-2019/bin/../lib/gcc/arm-none-eabi/11.3.1/thumb/v7-m/nofp\libc_nano.a(libc_a-init.o)
                0x08000a30                __libc_init_array
 *(.glue_7)
 .glue_7        0x08000a78        0x0 linker stubs
 *(.glue_7t)
 .glue_7t       0x08000a78        0x0 linker stubs
 *(.eh_frame)
 .eh_frame      0x08000a78        0x0 c:/toolchains/gcc-am-none-eabi-9-2019/bin/../lib/gcc/arm-none-eabi/11.3.1/thumb/v7-m/nofp/crtbegin.o
 *(.init)
 .init          0x08000a78        0x4 c:/toolchains/gcc-am-none-eabi-9-2019/bin/../lib/gcc/arm-none-eabi/11.3.1/thumb/v7-m/nofp/crti.o
                0x08000a78                _init
 .init          0x08000a7c        0x8 c:/toolchains/gcc-am-none-eabi-9-2019/bin/../lib/gcc/arm-none-eabi/11.3.1/thumb/v7-m/nofp/crtn.o
 *(.fini)
 .fini          0x08000a84        0x4 c:/toolchains/gcc-am-none-eabi-9-2019/bin/../lib/gcc/arm-none-eabi/11.3.1/thumb/v7-m/nofp/crti.o
                0x08000a84                _fini
 .fini          0x08000a88        0x8 c:/toolchains/gcc-am-none-eabi-9-2019/bin/../lib/gcc/arm-none-eabi/11.3.1/thumb/v7-m/nofp/crtn.o
                0x08000a90                . = ALIGN (0x4)
                0x08000a90                _etext = .

.vfp11_veneer   0x08000a90        0x0
 .vfp11_veneer  0x08000a90        0x0 linker stubs

.v4_bx          0x08000a90        0x0
 .v4_bx         0x08000a90        0x0 linker stubs

.iplt           0x08000a90        0x0
 .iplt          0x08000a90        0x0 c:/toolchains/gcc-am-none-eabi-9-2019/bin/../lib/gcc/arm-none-eabi/11.3.1/thumb/v7-m/nofp/crtbegin.o

.rodata         0x08000a90       0x24
                0x08000a90                . = ALIGN (0x4)
 *(.rodata)
 *(.rodata*)
 .rodata.HAL_RCC_GetSysClockFreq.str1.4
                0x08000a90       0x11 build/stm32f1xx_hal_rcc.o
 *fill*         0x08000aa1        0x3 
 .rodata.AHBPrescTable
                0x08000aa4       0x10 build/system_stm32f1xx.o
                0x08000aa4                AHBPrescTable
                0x08000ab4                . = ALIGN (0x4)

.rel.dyn        0x08000ab4        0x0
 .rel.iplt      0x08000ab4        0x0 c:/toolchains/gcc-am-none-eabi-9-2019/bin/../lib/gcc/arm-none-eabi/11.3.1/thumb/v7-m/nofp/crtbegin.o

.ARM.extab
 *(.ARM.extab* .gnu.linkonce.armextab.*)

.ARM            0x08000ab4        0x0
                0x08000ab4                __exidx_start = .
 *(.ARM.exidx*)
                0x08000ab4                __exidx_end = .

.preinit_array  0x08000ab4        0x0
                0x08000ab4                PROVIDE (__preinit_array_start = .)
 *(.preinit_array*)
                0x08000ab4                PROVIDE (__preinit_array_end = .)

.init_array     0x08000ab4        0x4
                0x08000ab4                PROVIDE (__init_array_start = .)
 *(SORT_BY_NAME(.init_array.*))
 *(.init_array*)
 .init_array    0x08000ab4        0x4 c:/toolchains/gcc-am-none-eabi-9-2019/bin/../lib/gcc/arm-none-eabi/11.3.1/thumb/v7-m/nofp/crtbegin.o
                0x08000ab8                PROVIDE (__init_array_end = .)

.fini_array     0x08000ab8        0x4
                [!provide]                PROVIDE (__fini_array_start = .)
 *(SORT_BY_NAME(.fini_array.*))
 *(.fini_array*)
 .fini_array    0x08000ab8        0x4 c:/toolchains/gcc-am-none-eabi-9-2019/bin/../lib/gcc/arm-none-eabi/11.3.1/thumb/v7-m/nofp/crtbegin.o
                [!provide]                PROVIDE (__fini_array_end = .)
                0x08000abc                _sidata = LOADADDR (.data)

.data           0x20000000        0xc load address 0x08000abc
                0x20000000                . = ALIGN (0x4)
                0x20000000                _sdata = .
 *(.data)
 *(.data*)
 .data.uwTickFreq
                0x20000000        0x1 build/stm32f1xx_hal.o
                0x20000000                uwTickFreq
 *fill*         0x20000001        0x3 
 .data.uwTickPrio
                0x20000004        0x4 build/stm32f1xx_hal.o
                0x20000004                uwTickPrio
 .data.SystemCoreClock
                0x20000008        0x4 build/system_stm32f1xx.o
                0x20000008                SystemCoreClock
                0x2000000c                . = ALIGN (0x4)
                0x2000000c                _edata = .

.tm_clone_table
                0x2000000c        0x0 load address 0x08000ac8
 .tm_clone_table
                0x2000000c        0x0 c:/toolchains/gcc-am-none-eabi-9-2019/bin/../lib/gcc/arm-none-eabi/11.3.1/thumb/v7-m/nofp/crtbegin.o
 .tm_clone_table
                0x2000000c        0x0 c:/toolchains/gcc-am-none-eabi-9-2019/bin/../lib/gcc/arm-none-eabi/11.3.1/thumb/v7-m/nofp/crtend.o

.igot.plt       0x2000000c        0x0 load address 0x08000ac8
 .igot.plt      0x2000000c        0x0 c:/toolchains/gcc-am-none-eabi-9-2019/bin/../lib/gcc/arm-none-eabi/11.3.1/thumb/v7-m/nofp/crtbegin.o
                0x2000000c                . = ALIGN (0x4)

.bss            0x2000000c       0x28 load address 0x08000ac8
                0x2000000c                _sbss = .
                0x2000000c                __bss_start__ = _sbss
 *(.bss)
 *(.bss*)
 .bss.completed.1
                0x2000000c        0x1 c:/toolchains/gcc-am-none-eabi-9-2019/bin/../lib/gcc/arm-none-eabi/11.3.1/thumb/v7-m/nofp/crtbegin.o
 *fill*         0x2000000d        0x3 
 .bss.object.0  0x20000010       0x18 c:/toolchains/gcc-am-none-eabi-9-2019/bin/../lib/gcc/arm-none-eabi/11.3.1/thumb/v7-m/nofp/crtbegin.o
 .bss.outra     0x20000028        0x4 build/main.o
                0x20000028                outra
 .bss.x         0x2000002c        0x4 build/main.o
                0x2000002c                x
 .bss.uwTick    0x20000030        0x4 build/stm32f1xx_hal.o
                0x20000030                uwTick
 *(COMMON)
                0x20000034                . = ALIGN (0x4)
                0x20000034                _ebss = .
                0x20000034                __bss_end__ = _ebss

._user_heap_stack
                0x20000034      0x604 load address 0x08000ac8
                0x20000038                . = ALIGN (0x8)
 *fill*         0x20000034        0x4 
                0x20000038                PROVIDE (end = .)
                [!provide]                PROVIDE (_end = .)
                0x20000238                . = (. + _Min_Heap_Size)
 *fill*         0x20000038      0x200 
                0x20000638                . = (. + _Min_Stack_Size)
 *fill*         0x20000238      0x400 
                0x20000638                . = ALIGN (0x8)

/DISCARD/
 libc.a(*)
 libm.a(*)
 libgcc.a(*)

.ARM.attributes
                0x00000000       0x29
 *(.ARM.attributes)
 .ARM.attributes
                0x00000000       0x1d c:/toolchains/gcc-am-none-eabi-9-2019/bin/../lib/gcc/arm-none-eabi/11.3.1/thumb/v7-m/nofp/crti.o
 .ARM.attributes
                0x0000001d       0x2d c:/toolchains/gcc-am-none-eabi-9-2019/bin/../lib/gcc/arm-none-eabi/11.3.1/thumb/v7-m/nofp/crtbegin.o
 .ARM.attributes
                0x0000004a       0x2d build/main.o
 .ARM.attributes
                0x00000077       0x2d build/stm32f1xx_it.o
 .ARM.attributes
                0x000000a4       0x2d build/stm32f1xx_hal_msp.o
 .ARM.attributes
                0x000000d1       0x2d build/stm32f1xx_hal.o
 .ARM.attributes
                0x000000fe       0x2d build/stm32f1xx_hal_rcc.o
 .ARM.attributes
                0x0000012b       0x2d build/stm32f1xx_hal_cortex.o
 .ARM.attributes
                0x00000158       0x2d build/system_stm32f1xx.o
 .ARM.attributes
                0x00000185       0x21 build/startup_stm32f103xb.o
 .ARM.attributes
                0x000001a6       0x2d c:/toolchains/gcc-am-none-eabi-9-2019/bin/../lib/gcc/arm-none-eabi/11.3.1/thumb/v7-m/nofp\libc_nano.a(libc_a-memset.o)
 .ARM.attributes
                0x000001d3       0x2d c:/toolchains/gcc-am-none-eabi-9-2019/bin/../lib/gcc/arm-none-eabi/11.3.1/thumb/v7-m/nofp\libc_nano.a(libc_a-init.o)
 .ARM.attributes
                0x00000200       0x2d c:/toolchains/gcc-am-none-eabi-9-2019/bin/../lib/gcc/arm-none-eabi/11.3.1/thumb/v7-m/nofp/crtend.o
 .ARM.attributes
                0x0000022d       0x1d c:/toolchains/gcc-am-none-eabi-9-2019/bin/../lib/gcc/arm-none-eabi/11.3.1/thumb/v7-m/nofp/crtn.o
OUTPUT(build/makeTest.elf elf32-littlearm)
LOAD linker stubs
LOAD c:/toolchains/gcc-am-none-eabi-9-2019/bin/../lib/gcc/arm-none-eabi/11.3.1/thumb/v7-m/nofp\libc.a
LOAD c:/toolchains/gcc-am-none-eabi-9-2019/bin/../lib/gcc/arm-none-eabi/11.3.1/thumb/v7-m/nofp\libm.a
LOAD c:/toolchains/gcc-am-none-eabi-9-2019/bin/../lib/gcc/arm-none-eabi/11.3.1/thumb/v7-m/nofp\libgcc.a

.comment        0x00000000       0x33
 .comment       0x00000000       0x33 c:/toolchains/gcc-am-none-eabi-9-2019/bin/../lib/gcc/arm-none-eabi/11.3.1/thumb/v7-m/nofp/crtbegin.o
                                 0x34 (size before relaxing)
 .comment       0x00000033       0x34 build/main.o
 .comment       0x00000033       0x34 build/stm32f1xx_it.o
 .comment       0x00000033       0x34 build/stm32f1xx_hal_msp.o
 .comment       0x00000033       0x34 build/stm32f1xx_hal.o
 .comment       0x00000033       0x34 build/stm32f1xx_hal_rcc.o
 .comment       0x00000033       0x34 build/stm32f1xx_hal_cortex.o
 .comment       0x00000033       0x34 build/system_stm32f1xx.o
 .comment       0x00000033       0x34 c:/toolchains/gcc-am-none-eabi-9-2019/bin/../lib/gcc/arm-none-eabi/11.3.1/thumb/v7-m/nofp\libc_nano.a(libc_a-memset.o)
 .comment       0x00000033       0x34 c:/toolchains/gcc-am-none-eabi-9-2019/bin/../lib/gcc/arm-none-eabi/11.3.1/thumb/v7-m/nofp\libc_nano.a(libc_a-init.o)
 .comment       0x00000033       0x34 c:/toolchains/gcc-am-none-eabi-9-2019/bin/../lib/gcc/arm-none-eabi/11.3.1/thumb/v7-m/nofp/crtend.o

.debug_info     0x00000000     0x2cc0
 .debug_info    0x00000000      0x395 build/main.o
 .debug_info    0x00000395      0x158 build/stm32f1xx_it.o
 .debug_info    0x000004ed      0x199 build/stm32f1xx_hal_msp.o
 .debug_info    0x00000686      0x880 build/stm32f1xx_hal.o
 .debug_info    0x00000f06      0xb0c build/stm32f1xx_hal_rcc.o
 .debug_info    0x00001a12      0xe33 build/stm32f1xx_hal_cortex.o
 .debug_info    0x00002845      0x26e build/system_stm32f1xx.o
 .debug_info    0x00002ab3       0x22 build/startup_stm32f103xb.o
 .debug_info    0x00002ad5       0xe0 c:/toolchains/gcc-am-none-eabi-9-2019/bin/../lib/gcc/arm-none-eabi/11.3.1/thumb/v7-m/nofp\libc_nano.a(libc_a-memset.o)
 .debug_info    0x00002bb5      0x10b c:/toolchains/gcc-am-none-eabi-9-2019/bin/../lib/gcc/arm-none-eabi/11.3.1/thumb/v7-m/nofp\libc_nano.a(libc_a-init.o)

.debug_abbrev   0x00000000      0xde9
 .debug_abbrev  0x00000000      0x1bd build/main.o
 .debug_abbrev  0x000001bd       0x80 build/stm32f1xx_it.o
 .debug_abbrev  0x0000023d       0xc1 build/stm32f1xx_hal_msp.o
 .debug_abbrev  0x000002fe      0x232 build/stm32f1xx_hal.o
 .debug_abbrev  0x00000530      0x2b8 build/stm32f1xx_hal_rcc.o
 .debug_abbrev  0x000007e8      0x348 build/stm32f1xx_hal_cortex.o
 .debug_abbrev  0x00000b30      0x140 build/system_stm32f1xx.o
 .debug_abbrev  0x00000c70       0x12 build/startup_stm32f103xb.o
 .debug_abbrev  0x00000c82       0x9e c:/toolchains/gcc-am-none-eabi-9-2019/bin/../lib/gcc/arm-none-eabi/11.3.1/thumb/v7-m/nofp\libc_nano.a(libc_a-memset.o)
 .debug_abbrev  0x00000d20       0xc9 c:/toolchains/gcc-am-none-eabi-9-2019/bin/../lib/gcc/arm-none-eabi/11.3.1/thumb/v7-m/nofp\libc_nano.a(libc_a-init.o)

.debug_loc      0x00000000     0x138c
 .debug_loc     0x00000000       0x66 build/main.o
 .debug_loc     0x00000066       0x20 build/stm32f1xx_it.o
 .debug_loc     0x00000086       0x2c build/stm32f1xx_hal_msp.o
 .debug_loc     0x000000b2      0x1e1 build/stm32f1xx_hal.o
 .debug_loc     0x00000293      0x7ee build/stm32f1xx_hal_rcc.o
 .debug_loc     0x00000a81      0x80c build/stm32f1xx_hal_cortex.o
 .debug_loc     0x0000128d       0xff build/system_stm32f1xx.o

.debug_aranges  0x00000000      0x340
 .debug_aranges
                0x00000000       0x30 build/main.o
 .debug_aranges
                0x00000030       0x60 build/stm32f1xx_it.o
 .debug_aranges
                0x00000090       0x20 build/stm32f1xx_hal_msp.o
 .debug_aranges
                0x000000b0       0xe0 build/stm32f1xx_hal.o
 .debug_aranges
                0x00000190       0x90 build/stm32f1xx_hal_rcc.o
 .debug_aranges
                0x00000220       0x90 build/stm32f1xx_hal_cortex.o
 .debug_aranges
                0x000002b0       0x28 build/system_stm32f1xx.o
 .debug_aranges
                0x000002d8       0x28 build/startup_stm32f103xb.o
 .debug_aranges
                0x00000300       0x20 c:/toolchains/gcc-am-none-eabi-9-2019/bin/../lib/gcc/arm-none-eabi/11.3.1/thumb/v7-m/nofp\libc_nano.a(libc_a-memset.o)
 .debug_aranges
                0x00000320       0x20 c:/toolchains/gcc-am-none-eabi-9-2019/bin/../lib/gcc/arm-none-eabi/11.3.1/thumb/v7-m/nofp\libc_nano.a(libc_a-init.o)

.debug_ranges   0x00000000      0x308
 .debug_ranges  0x00000000       0x20 build/main.o
 .debug_ranges  0x00000020       0x50 build/stm32f1xx_it.o
 .debug_ranges  0x00000070       0x10 build/stm32f1xx_hal_msp.o
 .debug_ranges  0x00000080       0xd0 build/stm32f1xx_hal.o
 .debug_ranges  0x00000150       0xa0 build/stm32f1xx_hal_rcc.o
 .debug_ranges  0x000001f0       0xe0 build/stm32f1xx_hal_cortex.o
 .debug_ranges  0x000002d0       0x18 build/system_stm32f1xx.o
 .debug_ranges  0x000002e8       0x20 build/startup_stm32f103xb.o

.debug_line     0x00000000     0x2172
 .debug_line    0x00000000      0x273 build/main.o
 .debug_line    0x00000273      0x172 build/stm32f1xx_it.o
 .debug_line    0x000003e5      0x13b build/stm32f1xx_hal_msp.o
 .debug_line    0x00000520      0x4f8 build/stm32f1xx_hal.o
 .debug_line    0x00000a18      0xbee build/stm32f1xx_hal_rcc.o
 .debug_line    0x00001606      0x602 build/stm32f1xx_hal_cortex.o
 .debug_line    0x00001c08      0x20b build/system_stm32f1xx.o
 .debug_line    0x00001e13       0x75 build/startup_stm32f103xb.o
 .debug_line    0x00001e88      0x176 c:/toolchains/gcc-am-none-eabi-9-2019/bin/../lib/gcc/arm-none-eabi/11.3.1/thumb/v7-m/nofp\libc_nano.a(libc_a-memset.o)
 .debug_line    0x00001ffe      0x174 c:/toolchains/gcc-am-none-eabi-9-2019/bin/../lib/gcc/arm-none-eabi/11.3.1/thumb/v7-m/nofp\libc_nano.a(libc_a-init.o)

.debug_str      0x00000000     0x12c9
 .debug_str     0x00000000      0x2e8 build/main.o
                                0x32c (size before relaxing)
 .debug_str     0x000002e8       0xaf build/stm32f1xx_it.o
                                0x1ed (size before relaxing)
 .debug_str     0x00000397       0x6a build/stm32f1xx_hal_msp.o
                                0x1bc (size before relaxing)
 .debug_str     0x00000401      0x604 build/stm32f1xx_hal.o
                                0x7fe (size before relaxing)
 .debug_str     0x00000a05      0x269 build/stm32f1xx_hal_rcc.o
                                0x5fb (size before relaxing)
 .debug_str     0x00000c6e      0x3c2 build/stm32f1xx_hal_cortex.o
                                0x8a3 (size before relaxing)
 .debug_str     0x00001030       0x4a build/system_stm32f1xx.o
                                0x21f (size before relaxing)
 .debug_str     0x0000107a       0x24 build/startup_stm32f103xb.o
                                 0x4d (size before relaxing)
 .debug_str     0x0000109e      0x168 c:/toolchains/gcc-am-none-eabi-9-2019/bin/../lib/gcc/arm-none-eabi/11.3.1/thumb/v7-m/nofp\libc_nano.a(libc_a-memset.o)
                                0x204 (size before relaxing)
 .debug_str     0x00001206       0xc3 c:/toolchains/gcc-am-none-eabi-9-2019/bin/../lib/gcc/arm-none-eabi/11.3.1/thumb/v7-m/nofp\libc_nano.a(libc_a-init.o)
                                0x265 (size before relaxing)

.debug_frame    0x00000000      0x618
 .debug_frame   0x00000000       0x58 build/main.o
 .debug_frame   0x00000058       0xa8 build/stm32f1xx_it.o
 .debug_frame   0x00000100       0x28 build/stm32f1xx_hal_msp.o
 .debug_frame   0x00000128      0x1cc build/stm32f1xx_hal.o
 .debug_frame   0x000002f4      0x190 build/stm32f1xx_hal_rcc.o
 .debug_frame   0x00000484      0x118 build/stm32f1xx_hal_cortex.o
 .debug_frame   0x0000059c       0x30 build/system_stm32f1xx.o
 .debug_frame   0x000005cc       0x20 c:/toolchains/gcc-am-none-eabi-9-2019/bin/../lib/gcc/arm-none-eabi/11.3.1/thumb/v7-m/nofp\libc_nano.a(libc_a-memset.o)
 .debug_frame   0x000005ec       0x2c c:/toolchains/gcc-am-none-eabi-9-2019/bin/../lib/gcc/arm-none-eabi/11.3.1/thumb/v7-m/nofp\libc_nano.a(libc_a-init.o)

.debug_loclists
                0x00000000       0x6f
 .debug_loclists
                0x00000000       0x3b c:/toolchains/gcc-am-none-eabi-9-2019/bin/../lib/gcc/arm-none-eabi/11.3.1/thumb/v7-m/nofp\libc_nano.a(libc_a-memset.o)
 .debug_loclists
                0x0000003b       0x34 c:/toolchains/gcc-am-none-eabi-9-2019/bin/../lib/gcc/arm-none-eabi/11.3.1/thumb/v7-m/nofp\libc_nano.a(libc_a-init.o)

.debug_rnglists
                0x00000000       0x26
 .debug_rnglists
                0x00000000       0x13 c:/toolchains/gcc-am-none-eabi-9-2019/bin/../lib/gcc/arm-none-eabi/11.3.1/thumb/v7-m/nofp\libc_nano.a(libc_a-memset.o)
 .debug_rnglists
                0x00000013       0x13 c:/toolchains/gcc-am-none-eabi-9-2019/bin/../lib/gcc/arm-none-eabi/11.3.1/thumb/v7-m/nofp\libc_nano.a(libc_a-init.o)

Cross Reference Table

Symbol                                            File
ADC1_2_IRQHandler                                 build/startup_stm32f103xb.o
AHBPrescTable                                     build/system_stm32f1xx.o
                                                  build/stm32f1xx_hal_rcc.o
APBPrescTable                                     build/system_stm32f1xx.o
                                                  build/stm32f1xx_hal_rcc.o
BusFault_Handler                                  build/stm32f1xx_it.o
CAN1_RX1_IRQHandler                               build/startup_stm32f103xb.o
CAN1_SCE_IRQHandler                               build/startup_stm32f103xb.o
DMA1_Channel1_IRQHandler                          build/startup_stm32f103xb.o
DMA1_Channel2_IRQHandler                          build/startup_stm32f103xb.o
DMA1_Channel3_IRQHandler                          build/startup_stm32f103xb.o
DMA1_Channel4_IRQHandler                          build/startup_stm32f103xb.o
DMA1_Channel5_IRQHandler                          build/startup_stm32f103xb.o
DMA1_Channel6_IRQHandler                          build/startup_stm32f103xb.o
DMA1_Channel7_IRQHandler                          build/startup_stm32f103xb.o
DebugMon_Handler                                  build/stm32f1xx_it.o
Default_Handler                                   build/startup_stm32f103xb.o
EXTI0_IRQHandler                                  build/startup_stm32f103xb.o
EXTI15_10_IRQHandler                              build/startup_stm32f103xb.o
EXTI1_IRQHandler                                  build/startup_stm32f103xb.o
EXTI2_IRQHandler                                  build/startup_stm32f103xb.o
EXTI3_IRQHandler                                  build/startup_stm32f103xb.o
EXTI4_IRQHandler                                  build/startup_stm32f103xb.o
EXTI9_5_IRQHandler                                build/startup_stm32f103xb.o
Error_Handler                                     build/main.o
FLASH_IRQHandler                                  build/startup_stm32f103xb.o
FLASH_PageErase                                   build/stm32f1xx_hal_flash_ex.o
                                                  build/stm32f1xx_hal_flash.o
FLASH_WaitForLastOperation                        build/stm32f1xx_hal_flash.o
                                                  build/stm32f1xx_hal_flash_ex.o
HAL_DBGMCU_DisableDBGSleepMode                    build/stm32f1xx_hal.o
HAL_DBGMCU_DisableDBGStandbyMode                  build/stm32f1xx_hal.o
HAL_DBGMCU_DisableDBGStopMode                     build/stm32f1xx_hal.o
HAL_DBGMCU_EnableDBGSleepMode                     build/stm32f1xx_hal.o
HAL_DBGMCU_EnableDBGStandbyMode                   build/stm32f1xx_hal.o
HAL_DBGMCU_EnableDBGStopMode                      build/stm32f1xx_hal.o
HAL_DMA_Abort                                     build/stm32f1xx_hal_dma.o
HAL_DMA_Abort_IT                                  build/stm32f1xx_hal_dma.o
HAL_DMA_DeInit                                    build/stm32f1xx_hal_dma.o
HAL_DMA_GetError                                  build/stm32f1xx_hal_dma.o
HAL_DMA_GetState                                  build/stm32f1xx_hal_dma.o
HAL_DMA_IRQHandler                                build/stm32f1xx_hal_dma.o
HAL_DMA_Init                                      build/stm32f1xx_hal_dma.o
HAL_DMA_PollForTransfer                           build/stm32f1xx_hal_dma.o
HAL_DMA_RegisterCallback                          build/stm32f1xx_hal_dma.o
HAL_DMA_Start                                     build/stm32f1xx_hal_dma.o
HAL_DMA_Start_IT                                  build/stm32f1xx_hal_dma.o
HAL_DMA_UnRegisterCallback                        build/stm32f1xx_hal_dma.o
HAL_DeInit                                        build/stm32f1xx_hal.o
HAL_Delay                                         build/stm32f1xx_hal.o
HAL_EXTI_ClearConfigLine                          build/stm32f1xx_hal_exti.o
HAL_EXTI_ClearPending                             build/stm32f1xx_hal_exti.o
HAL_EXTI_GenerateSWI                              build/stm32f1xx_hal_exti.o
HAL_EXTI_GetConfigLine                            build/stm32f1xx_hal_exti.o
HAL_EXTI_GetHandle                                build/stm32f1xx_hal_exti.o
HAL_EXTI_GetPending                               build/stm32f1xx_hal_exti.o
HAL_EXTI_IRQHandler                               build/stm32f1xx_hal_exti.o
HAL_EXTI_RegisterCallback                         build/stm32f1xx_hal_exti.o
HAL_EXTI_SetConfigLine                            build/stm32f1xx_hal_exti.o
HAL_FLASHEx_Erase                                 build/stm32f1xx_hal_flash_ex.o
HAL_FLASHEx_Erase_IT                              build/stm32f1xx_hal_flash_ex.o
HAL_FLASHEx_OBErase                               build/stm32f1xx_hal_flash_ex.o
HAL_FLASHEx_OBGetConfig                           build/stm32f1xx_hal_flash_ex.o
HAL_FLASHEx_OBGetUserData                         build/stm32f1xx_hal_flash_ex.o
HAL_FLASHEx_OBProgram                             build/stm32f1xx_hal_flash_ex.o
HAL_FLASH_EndOfOperationCallback                  build/stm32f1xx_hal_flash.o
HAL_FLASH_GetError                                build/stm32f1xx_hal_flash.o
HAL_FLASH_IRQHandler                              build/stm32f1xx_hal_flash.o
HAL_FLASH_Lock                                    build/stm32f1xx_hal_flash.o
HAL_FLASH_OB_Launch                               build/stm32f1xx_hal_flash.o
HAL_FLASH_OB_Lock                                 build/stm32f1xx_hal_flash.o
HAL_FLASH_OB_Unlock                               build/stm32f1xx_hal_flash.o
HAL_FLASH_OperationErrorCallback                  build/stm32f1xx_hal_flash.o
HAL_FLASH_Program                                 build/stm32f1xx_hal_flash.o
HAL_FLASH_Program_IT                              build/stm32f1xx_hal_flash.o
HAL_FLASH_Unlock                                  build/stm32f1xx_hal_flash.o
HAL_GPIOEx_ConfigEventout                         build/stm32f1xx_hal_gpio_ex.o
HAL_GPIOEx_DisableEventout                        build/stm32f1xx_hal_gpio_ex.o
HAL_GPIOEx_EnableEventout                         build/stm32f1xx_hal_gpio_ex.o
HAL_GPIO_DeInit                                   build/stm32f1xx_hal_gpio.o
HAL_GPIO_EXTI_Callback                            build/stm32f1xx_hal_gpio.o
HAL_GPIO_EXTI_IRQHandler                          build/stm32f1xx_hal_gpio.o
HAL_GPIO_Init                                     build/stm32f1xx_hal_gpio.o
                                                  build/stm32f1xx_hal_rcc.o
HAL_GPIO_LockPin                                  build/stm32f1xx_hal_gpio.o
HAL_GPIO_ReadPin                                  build/stm32f1xx_hal_gpio.o
HAL_GPIO_TogglePin                                build/stm32f1xx_hal_gpio.o
HAL_GPIO_WritePin                                 build/stm32f1xx_hal_gpio.o
HAL_GetDEVID                                      build/stm32f1xx_hal.o
HAL_GetHalVersion                                 build/stm32f1xx_hal.o
HAL_GetREVID                                      build/stm32f1xx_hal.o
HAL_GetTick                                       build/stm32f1xx_hal.o
                                                  build/stm32f1xx_hal_flash.o
                                                  build/stm32f1xx_hal_dma.o
                                                  build/stm32f1xx_hal_rcc_ex.o
                                                  build/stm32f1xx_hal_rcc.o
HAL_GetTickFreq                                   build/stm32f1xx_hal.o
HAL_GetTickPrio                                   build/stm32f1xx_hal.o
HAL_GetUIDw0                                      build/stm32f1xx_hal.o
HAL_GetUIDw1                                      build/stm32f1xx_hal.o
HAL_GetUIDw2                                      build/stm32f1xx_hal.o
HAL_IncTick                                       build/stm32f1xx_hal.o
                                                  build/stm32f1xx_it.o
HAL_Init                                          build/stm32f1xx_hal.o
                                                  build/main.o
HAL_InitTick                                      build/stm32f1xx_hal.o
                                                  build/stm32f1xx_hal_rcc.o
HAL_MspDeInit                                     build/stm32f1xx_hal.o
HAL_MspInit                                       build/stm32f1xx_hal_msp.o
HAL_NVIC_ClearPendingIRQ                          build/stm32f1xx_hal_cortex.o
HAL_NVIC_DisableIRQ                               build/stm32f1xx_hal_cortex.o
HAL_NVIC_EnableIRQ                                build/stm32f1xx_hal_cortex.o
HAL_NVIC_GetActive                                build/stm32f1xx_hal_cortex.o
HAL_NVIC_GetPendingIRQ                            build/stm32f1xx_hal_cortex.o
HAL_NVIC_GetPriority                              build/stm32f1xx_hal_cortex.o
HAL_NVIC_GetPriorityGrouping                      build/stm32f1xx_hal_cortex.o
HAL_NVIC_SetPendingIRQ                            build/stm32f1xx_hal_cortex.o
HAL_NVIC_SetPriority                              build/stm32f1xx_hal_cortex.o
                                                  build/stm32f1xx_hal.o
HAL_NVIC_SetPriorityGrouping                      build/stm32f1xx_hal_cortex.o
                                                  build/stm32f1xx_hal.o
HAL_NVIC_SystemReset                              build/stm32f1xx_hal_cortex.o
                                                  build/stm32f1xx_hal_flash.o
HAL_PWR_ConfigPVD                                 build/stm32f1xx_hal_pwr.o
HAL_PWR_DeInit                                    build/stm32f1xx_hal_pwr.o
HAL_PWR_DisableBkUpAccess                         build/stm32f1xx_hal_pwr.o
HAL_PWR_DisablePVD                                build/stm32f1xx_hal_pwr.o
HAL_PWR_DisableSEVOnPend                          build/stm32f1xx_hal_pwr.o
HAL_PWR_DisableSleepOnExit                        build/stm32f1xx_hal_pwr.o
HAL_PWR_DisableWakeUpPin                          build/stm32f1xx_hal_pwr.o
HAL_PWR_EnableBkUpAccess                          build/stm32f1xx_hal_pwr.o
HAL_PWR_EnablePVD                                 build/stm32f1xx_hal_pwr.o
HAL_PWR_EnableSEVOnPend                           build/stm32f1xx_hal_pwr.o
HAL_PWR_EnableSleepOnExit                         build/stm32f1xx_hal_pwr.o
HAL_PWR_EnableWakeUpPin                           build/stm32f1xx_hal_pwr.o
HAL_PWR_EnterSLEEPMode                            build/stm32f1xx_hal_pwr.o
HAL_PWR_EnterSTANDBYMode                          build/stm32f1xx_hal_pwr.o
HAL_PWR_EnterSTOPMode                             build/stm32f1xx_hal_pwr.o
HAL_PWR_PVDCallback                               build/stm32f1xx_hal_pwr.o
HAL_PWR_PVD_IRQHandler                            build/stm32f1xx_hal_pwr.o
HAL_RCCEx_GetPeriphCLKConfig                      build/stm32f1xx_hal_rcc_ex.o
HAL_RCCEx_GetPeriphCLKFreq                        build/stm32f1xx_hal_rcc_ex.o
HAL_RCCEx_PeriphCLKConfig                         build/stm32f1xx_hal_rcc_ex.o
HAL_RCC_CSSCallback                               build/stm32f1xx_hal_rcc.o
HAL_RCC_ClockConfig                               build/stm32f1xx_hal_rcc.o
                                                  build/main.o
HAL_RCC_DeInit                                    build/stm32f1xx_hal_rcc.o
HAL_RCC_DisableCSS                                build/stm32f1xx_hal_rcc.o
HAL_RCC_EnableCSS                                 build/stm32f1xx_hal_rcc.o
HAL_RCC_GetClockConfig                            build/stm32f1xx_hal_rcc.o
HAL_RCC_GetHCLKFreq                               build/stm32f1xx_hal_rcc.o
HAL_RCC_GetOscConfig                              build/stm32f1xx_hal_rcc.o
HAL_RCC_GetPCLK1Freq                              build/stm32f1xx_hal_rcc.o
HAL_RCC_GetPCLK2Freq                              build/stm32f1xx_hal_rcc.o
                                                  build/stm32f1xx_hal_rcc_ex.o
HAL_RCC_GetSysClockFreq                           build/stm32f1xx_hal_rcc.o
HAL_RCC_MCOConfig                                 build/stm32f1xx_hal_rcc.o
HAL_RCC_NMI_IRQHandler                            build/stm32f1xx_hal_rcc.o
HAL_RCC_OscConfig                                 build/stm32f1xx_hal_rcc.o
                                                  build/main.o
HAL_ResumeTick                                    build/stm32f1xx_hal.o
HAL_SYSTICK_CLKSourceConfig                       build/stm32f1xx_hal_cortex.o
HAL_SYSTICK_Callback                              build/stm32f1xx_hal_cortex.o
HAL_SYSTICK_Config                                build/stm32f1xx_hal_cortex.o
                                                  build/stm32f1xx_hal.o
HAL_SYSTICK_IRQHandler                            build/stm32f1xx_hal_cortex.o
HAL_SetTickFreq                                   build/stm32f1xx_hal.o
HAL_SuspendTick                                   build/stm32f1xx_hal.o
HardFault_Handler                                 build/stm32f1xx_it.o
I2C1_ER_IRQHandler                                build/startup_stm32f103xb.o
I2C1_EV_IRQHandler                                build/startup_stm32f103xb.o
I2C2_ER_IRQHandler                                build/startup_stm32f103xb.o
I2C2_EV_IRQHandler                                build/startup_stm32f103xb.o
MemManage_Handler                                 build/stm32f1xx_it.o
NMI_Handler                                       build/stm32f1xx_it.o
PVD_IRQHandler                                    build/startup_stm32f103xb.o
PendSV_Handler                                    build/stm32f1xx_it.o
RCC_IRQHandler                                    build/startup_stm32f103xb.o
RTC_Alarm_IRQHandler                              build/startup_stm32f103xb.o
RTC_IRQHandler                                    build/startup_stm32f103xb.o
Reset_Handler                                     build/startup_stm32f103xb.o
SPI1_IRQHandler                                   build/startup_stm32f103xb.o
SPI2_IRQHandler                                   build/startup_stm32f103xb.o
SVC_Handler                                       build/stm32f1xx_it.o
SysTick_Handler                                   build/stm32f1xx_it.o
SystemClock_Config                                build/main.o
SystemCoreClock                                   build/system_stm32f1xx.o
                                                  build/stm32f1xx_hal_rcc.o
                                                  build/stm32f1xx_hal.o
SystemCoreClockUpdate                             build/system_stm32f1xx.o
SystemInit                                        build/system_stm32f1xx.o
                                                  build/startup_stm32f103xb.o
TAMPER_IRQHandler                                 build/startup_stm32f103xb.o
TIM1_BRK_IRQHandler                               build/startup_stm32f103xb.o
TIM1_CC_IRQHandler                                build/startup_stm32f103xb.o
TIM1_TRG_COM_IRQHandler                           build/startup_stm32f103xb.o
TIM1_UP_IRQHandler                                build/startup_stm32f103xb.o
TIM2_IRQHandler                                   build/startup_stm32f103xb.o
TIM3_IRQHandler                                   build/startup_stm32f103xb.o
TIM4_IRQHandler                                   build/startup_stm32f103xb.o
USART1_IRQHandler                                 build/startup_stm32f103xb.o
USART2_IRQHandler                                 build/startup_stm32f103xb.o
USART3_IRQHandler                                 build/startup_stm32f103xb.o
USBWakeUp_IRQHandler                              build/startup_stm32f103xb.o
USB_HP_CAN1_TX_IRQHandler                         build/startup_stm32f103xb.o
USB_LP_CAN1_RX0_IRQHandler                        build/startup_stm32f103xb.o
UsageFault_Handler                                build/stm32f1xx_it.o
WWDG_IRQHandler                                   build/startup_stm32f103xb.o
_ITM_deregisterTMCloneTable                       c:/toolchains/gcc-am-none-eabi-9-2019/bin/../lib/gcc/arm-none-eabi/11.3.1/thumb/v7-m/nofp/crtbegin.o
_ITM_registerTMCloneTable                         c:/toolchains/gcc-am-none-eabi-9-2019/bin/../lib/gcc/arm-none-eabi/11.3.1/thumb/v7-m/nofp/crtbegin.o
__TMC_END__                                       c:/toolchains/gcc-am-none-eabi-9-2019/bin/../lib/gcc/arm-none-eabi/11.3.1/thumb/v7-m/nofp/crtend.o
                                                  c:/toolchains/gcc-am-none-eabi-9-2019/bin/../lib/gcc/arm-none-eabi/11.3.1/thumb/v7-m/nofp/crtbegin.o
__bss_end__                                       c:/toolchains/gcc-am-none-eabi-9-2019/bin/../lib/gcc/arm-none-eabi/11.3.1/thumb/v7-m/nofp/crt0.o
__bss_start__                                     c:/toolchains/gcc-am-none-eabi-9-2019/bin/../lib/gcc/arm-none-eabi/11.3.1/thumb/v7-m/nofp/crt0.o
__call_exitprocs                                  c:/toolchains/gcc-am-none-eabi-9-2019/bin/../lib/gcc/arm-none-eabi/11.3.1/thumb/v7-m/nofp\libc_nano.a(libc_a-exit.o)
__deregister_frame_info                           c:/toolchains/gcc-am-none-eabi-9-2019/bin/../lib/gcc/arm-none-eabi/11.3.1/thumb/v7-m/nofp/crtbegin.o
__dso_handle                                      c:/toolchains/gcc-am-none-eabi-9-2019/bin/../lib/gcc/arm-none-eabi/11.3.1/thumb/v7-m/nofp/crtbegin.o
__fp_lock_all                                     c:/toolchains/gcc-am-none-eabi-9-2019/bin/../lib/gcc/arm-none-eabi/11.3.1/thumb/v7-m/nofp\libc_nano.a(libc_a-findfp.o)
__fp_unlock_all                                   c:/toolchains/gcc-am-none-eabi-9-2019/bin/../lib/gcc/arm-none-eabi/11.3.1/thumb/v7-m/nofp\libc_nano.a(libc_a-findfp.o)
__init_array_end                                  c:/toolchains/gcc-am-none-eabi-9-2019/bin/../lib/gcc/arm-none-eabi/11.3.1/thumb/v7-m/nofp\libc_nano.a(libc_a-init.o)
__init_array_start                                c:/toolchains/gcc-am-none-eabi-9-2019/bin/../lib/gcc/arm-none-eabi/11.3.1/thumb/v7-m/nofp\libc_nano.a(libc_a-init.o)
__libc_fini_array                                 c:/toolchains/gcc-am-none-eabi-9-2019/bin/../lib/gcc/arm-none-eabi/11.3.1/thumb/v7-m/nofp/crt0.o
__libc_init_array                                 c:/toolchains/gcc-am-none-eabi-9-2019/bin/../lib/gcc/arm-none-eabi/11.3.1/thumb/v7-m/nofp\libc_nano.a(libc_a-init.o)
                                                  build/startup_stm32f103xb.o
                                                  c:/toolchains/gcc-am-none-eabi-9-2019/bin/../lib/gcc/arm-none-eabi/11.3.1/thumb/v7-m/nofp/crt0.o
__lock___arc4random_mutex                         c:/toolchains/gcc-am-none-eabi-9-2019/bin/../lib/gcc/arm-none-eabi/11.3.1/thumb/v7-m/nofp\libc_nano.a(libc_a-lock.o)
__lock___at_quick_exit_mutex                      c:/toolchains/gcc-am-none-eabi-9-2019/bin/../lib/gcc/arm-none-eabi/11.3.1/thumb/v7-m/nofp\libc_nano.a(libc_a-lock.o)
__lock___atexit_recursive_mutex                   c:/toolchains/gcc-am-none-eabi-9-2019/bin/../lib/gcc/arm-none-eabi/11.3.1/thumb/v7-m/nofp\libc_nano.a(libc_a-lock.o)
__lock___dd_hash_mutex                            c:/toolchains/gcc-am-none-eabi-9-2019/bin/../lib/gcc/arm-none-eabi/11.3.1/thumb/v7-m/nofp\libc_nano.a(libc_a-lock.o)
__lock___env_recursive_mutex                      c:/toolchains/gcc-am-none-eabi-9-2019/bin/../lib/gcc/arm-none-eabi/11.3.1/thumb/v7-m/nofp\libc_nano.a(libc_a-lock.o)
__lock___malloc_recursive_mutex                   c:/toolchains/gcc-am-none-eabi-9-2019/bin/../lib/gcc/arm-none-eabi/11.3.1/thumb/v7-m/nofp\libc_nano.a(libc_a-lock.o)
                                                  c:/toolchains/gcc-am-none-eabi-9-2019/bin/../lib/gcc/arm-none-eabi/11.3.1/thumb/v7-m/nofp\libc_nano.a(libc_a-mlock.o)
__lock___sfp_recursive_mutex                      c:/toolchains/gcc-am-none-eabi-9-2019/bin/../lib/gcc/arm-none-eabi/11.3.1/thumb/v7-m/nofp\libc_nano.a(libc_a-lock.o)
                                                  c:/toolchains/gcc-am-none-eabi-9-2019/bin/../lib/gcc/arm-none-eabi/11.3.1/thumb/v7-m/nofp\libc_nano.a(libc_a-findfp.o)
__lock___tz_mutex                                 c:/toolchains/gcc-am-none-eabi-9-2019/bin/../lib/gcc/arm-none-eabi/11.3.1/thumb/v7-m/nofp\libc_nano.a(libc_a-lock.o)
__malloc_free_list                                c:/toolchains/gcc-am-none-eabi-9-2019/bin/../lib/gcc/arm-none-eabi/11.3.1/thumb/v7-m/nofp\libc_nano.a(libc_a-mallocr.o)
                                                  c:/toolchains/gcc-am-none-eabi-9-2019/bin/../lib/gcc/arm-none-eabi/11.3.1/thumb/v7-m/nofp\libc_nano.a(libc_a-freer.o)
__malloc_lock                                     c:/toolchains/gcc-am-none-eabi-9-2019/bin/../lib/gcc/arm-none-eabi/11.3.1/thumb/v7-m/nofp\libc_nano.a(libc_a-mlock.o)
                                                  c:/toolchains/gcc-am-none-eabi-9-2019/bin/../lib/gcc/arm-none-eabi/11.3.1/thumb/v7-m/nofp\libc_nano.a(libc_a-mallocr.o)
                                                  c:/toolchains/gcc-am-none-eabi-9-2019/bin/../lib/gcc/arm-none-eabi/11.3.1/thumb/v7-m/nofp\libc_nano.a(libc_a-freer.o)
__malloc_sbrk_start                               c:/toolchains/gcc-am-none-eabi-9-2019/bin/../lib/gcc/arm-none-eabi/11.3.1/thumb/v7-m/nofp\libc_nano.a(libc_a-mallocr.o)
__malloc_unlock                                   c:/toolchains/gcc-am-none-eabi-9-2019/bin/../lib/gcc/arm-none-eabi/11.3.1/thumb/v7-m/nofp\libc_nano.a(libc_a-mlock.o)
                                                  c:/toolchains/gcc-am-none-eabi-9-2019/bin/../lib/gcc/arm-none-eabi/11.3.1/thumb/v7-m/nofp\libc_nano.a(libc_a-mallocr.o)
                                                  c:/toolchains/gcc-am-none-eabi-9-2019/bin/../lib/gcc/arm-none-eabi/11.3.1/thumb/v7-m/nofp\libc_nano.a(libc_a-freer.o)
__preinit_array_end                               c:/toolchains/gcc-am-none-eabi-9-2019/bin/../lib/gcc/arm-none-eabi/11.3.1/thumb/v7-m/nofp\libc_nano.a(libc_a-init.o)
__preinit_array_start                             c:/toolchains/gcc-am-none-eabi-9-2019/bin/../lib/gcc/arm-none-eabi/11.3.1/thumb/v7-m/nofp\libc_nano.a(libc_a-init.o)
__register_frame_info                             c:/toolchains/gcc-am-none-eabi-9-2019/bin/../lib/gcc/arm-none-eabi/11.3.1/thumb/v7-m/nofp/crtbegin.o
__retarget_lock_acquire                           c:/toolchains/gcc-am-none-eabi-9-2019/bin/../lib/gcc/arm-none-eabi/11.3.1/thumb/v7-m/nofp\libc_nano.a(libc_a-lock.o)
__retarget_lock_acquire_recursive                 c:/toolchains/gcc-am-none-eabi-9-2019/bin/../lib/gcc/arm-none-eabi/11.3.1/thumb/v7-m/nofp\libc_nano.a(libc_a-lock.o)
                                                  c:/toolchains/gcc-am-none-eabi-9-2019/bin/../lib/gcc/arm-none-eabi/11.3.1/thumb/v7-m/nofp\libc_nano.a(libc_a-fflush.o)
                                                  c:/toolchains/gcc-am-none-eabi-9-2019/bin/../lib/gcc/arm-none-eabi/11.3.1/thumb/v7-m/nofp\libc_nano.a(libc_a-mlock.o)
                                                  c:/toolchains/gcc-am-none-eabi-9-2019/bin/../lib/gcc/arm-none-eabi/11.3.1/thumb/v7-m/nofp\libc_nano.a(libc_a-findfp.o)
__retarget_lock_close                             c:/toolchains/gcc-am-none-eabi-9-2019/bin/../lib/gcc/arm-none-eabi/11.3.1/thumb/v7-m/nofp\libc_nano.a(libc_a-lock.o)
__retarget_lock_close_recursive                   c:/toolchains/gcc-am-none-eabi-9-2019/bin/../lib/gcc/arm-none-eabi/11.3.1/thumb/v7-m/nofp\libc_nano.a(libc_a-lock.o)
__retarget_lock_init                              c:/toolchains/gcc-am-none-eabi-9-2019/bin/../lib/gcc/arm-none-eabi/11.3.1/thumb/v7-m/nofp\libc_nano.a(libc_a-lock.o)
__retarget_lock_init_recursive                    c:/toolchains/gcc-am-none-eabi-9-2019/bin/../lib/gcc/arm-none-eabi/11.3.1/thumb/v7-m/nofp\libc_nano.a(libc_a-lock.o)
                                                  c:/toolchains/gcc-am-none-eabi-9-2019/bin/../lib/gcc/arm-none-eabi/11.3.1/thumb/v7-m/nofp\libc_nano.a(libc_a-findfp.o)
__retarget_lock_release                           c:/toolchains/gcc-am-none-eabi-9-2019/bin/../lib/gcc/arm-none-eabi/11.3.1/thumb/v7-m/nofp\libc_nano.a(libc_a-lock.o)
__retarget_lock_release_recursive                 c:/toolchains/gcc-am-none-eabi-9-2019/bin/../lib/gcc/arm-none-eabi/11.3.1/thumb/v7-m/nofp\libc_nano.a(libc_a-lock.o)
                                                  c:/toolchains/gcc-am-none-eabi-9-2019/bin/../lib/gcc/arm-none-eabi/11.3.1/thumb/v7-m/nofp\libc_nano.a(libc_a-fflush.o)
                                                  c:/toolchains/gcc-am-none-eabi-9-2019/bin/../lib/gcc/arm-none-eabi/11.3.1/thumb/v7-m/nofp\libc_nano.a(libc_a-mlock.o)
                                                  c:/toolchains/gcc-am-none-eabi-9-2019/bin/../lib/gcc/arm-none-eabi/11.3.1/thumb/v7-m/nofp\libc_nano.a(libc_a-findfp.o)
__retarget_lock_try_acquire                       c:/toolchains/gcc-am-none-eabi-9-2019/bin/../lib/gcc/arm-none-eabi/11.3.1/thumb/v7-m/nofp\libc_nano.a(libc_a-lock.o)
__retarget_lock_try_acquire_recursive             c:/toolchains/gcc-am-none-eabi-9-2019/bin/../lib/gcc/arm-none-eabi/11.3.1/thumb/v7-m/nofp\libc_nano.a(libc_a-lock.o)
__sclose                                          c:/toolchains/gcc-am-none-eabi-9-2019/bin/../lib/gcc/arm-none-eabi/11.3.1/thumb/v7-m/nofp\libc_nano.a(libc_a-stdio.o)
                                                  c:/toolchains/gcc-am-none-eabi-9-2019/bin/../lib/gcc/arm-none-eabi/11.3.1/thumb/v7-m/nofp\libc_nano.a(libc_a-findfp.o)
__seofread                                        c:/toolchains/gcc-am-none-eabi-9-2019/bin/../lib/gcc/arm-none-eabi/11.3.1/thumb/v7-m/nofp\libc_nano.a(libc_a-stdio.o)
__sf                                              c:/toolchains/gcc-am-none-eabi-9-2019/bin/../lib/gcc/arm-none-eabi/11.3.1/thumb/v7-m/nofp\libc_nano.a(libc_a-findfp.o)
                                                  c:/toolchains/gcc-am-none-eabi-9-2019/bin/../lib/gcc/arm-none-eabi/11.3.1/thumb/v7-m/nofp\libc_nano.a(libc_a-impure.o)
__sflush_r                                        c:/toolchains/gcc-am-none-eabi-9-2019/bin/../lib/gcc/arm-none-eabi/11.3.1/thumb/v7-m/nofp\libc_nano.a(libc_a-fflush.o)
__sfp                                             c:/toolchains/gcc-am-none-eabi-9-2019/bin/../lib/gcc/arm-none-eabi/11.3.1/thumb/v7-m/nofp\libc_nano.a(libc_a-findfp.o)
__sfp_lock_acquire                                c:/toolchains/gcc-am-none-eabi-9-2019/bin/../lib/gcc/arm-none-eabi/11.3.1/thumb/v7-m/nofp\libc_nano.a(libc_a-findfp.o)
__sfp_lock_release                                c:/toolchains/gcc-am-none-eabi-9-2019/bin/../lib/gcc/arm-none-eabi/11.3.1/thumb/v7-m/nofp\libc_nano.a(libc_a-findfp.o)
__sglue                                           c:/toolchains/gcc-am-none-eabi-9-2019/bin/../lib/gcc/arm-none-eabi/11.3.1/thumb/v7-m/nofp\libc_nano.a(libc_a-findfp.o)
                                                  c:/toolchains/gcc-am-none-eabi-9-2019/bin/../lib/gcc/arm-none-eabi/11.3.1/thumb/v7-m/nofp\libc_nano.a(libc_a-fflush.o)
__sinit                                           c:/toolchains/gcc-am-none-eabi-9-2019/bin/../lib/gcc/arm-none-eabi/11.3.1/thumb/v7-m/nofp\libc_nano.a(libc_a-findfp.o)
                                                  c:/toolchains/gcc-am-none-eabi-9-2019/bin/../lib/gcc/arm-none-eabi/11.3.1/thumb/v7-m/nofp\libc_nano.a(libc_a-fflush.o)
__sread                                           c:/toolchains/gcc-am-none-eabi-9-2019/bin/../lib/gcc/arm-none-eabi/11.3.1/thumb/v7-m/nofp\libc_nano.a(libc_a-stdio.o)
                                                  c:/toolchains/gcc-am-none-eabi-9-2019/bin/../lib/gcc/arm-none-eabi/11.3.1/thumb/v7-m/nofp\libc_nano.a(libc_a-findfp.o)
__sseek                                           c:/toolchains/gcc-am-none-eabi-9-2019/bin/../lib/gcc/arm-none-eabi/11.3.1/thumb/v7-m/nofp\libc_nano.a(libc_a-stdio.o)
                                                  c:/toolchains/gcc-am-none-eabi-9-2019/bin/../lib/gcc/arm-none-eabi/11.3.1/thumb/v7-m/nofp\libc_nano.a(libc_a-findfp.o)
__stack                                           c:/toolchains/gcc-am-none-eabi-9-2019/bin/../lib/gcc/arm-none-eabi/11.3.1/thumb/v7-m/nofp/crt0.o
__stdio_exit_handler                              c:/toolchains/gcc-am-none-eabi-9-2019/bin/../lib/gcc/arm-none-eabi/11.3.1/thumb/v7-m/nofp\libc_nano.a(libc_a-findfp.o)
                                                  c:/toolchains/gcc-am-none-eabi-9-2019/bin/../lib/gcc/arm-none-eabi/11.3.1/thumb/v7-m/nofp\libc_nano.a(libc_a-exit.o)
__swrite                                          c:/toolchains/gcc-am-none-eabi-9-2019/bin/../lib/gcc/arm-none-eabi/11.3.1/thumb/v7-m/nofp\libc_nano.a(libc_a-stdio.o)
                                                  c:/toolchains/gcc-am-none-eabi-9-2019/bin/../lib/gcc/arm-none-eabi/11.3.1/thumb/v7-m/nofp\libc_nano.a(libc_a-findfp.o)
_close                                            c:/toolchains/gcc-am-none-eabi-9-2019/bin/../lib/gcc/arm-none-eabi/11.3.1/thumb/v7-m/nofp\libnosys.a(close.o)
                                                  c:/toolchains/gcc-am-none-eabi-9-2019/bin/../lib/gcc/arm-none-eabi/11.3.1/thumb/v7-m/nofp\libc_nano.a(libc_a-closer.o)
_close_r                                          c:/toolchains/gcc-am-none-eabi-9-2019/bin/../lib/gcc/arm-none-eabi/11.3.1/thumb/v7-m/nofp\libc_nano.a(libc_a-closer.o)
                                                  c:/toolchains/gcc-am-none-eabi-9-2019/bin/../lib/gcc/arm-none-eabi/11.3.1/thumb/v7-m/nofp\libc_nano.a(libc_a-stdio.o)
_ebss                                             build/startup_stm32f103xb.o
_edata                                            build/startup_stm32f103xb.o
_estack                                           build/startup_stm32f103xb.o
_exit                                             c:/toolchains/gcc-am-none-eabi-9-2019/bin/../lib/gcc/arm-none-eabi/11.3.1/thumb/v7-m/nofp\libnosys.a(_exit.o)
                                                  c:/toolchains/gcc-am-none-eabi-9-2019/bin/../lib/gcc/arm-none-eabi/11.3.1/thumb/v7-m/nofp\libc_nano.a(libc_a-exit.o)
_fflush_r                                         c:/toolchains/gcc-am-none-eabi-9-2019/bin/../lib/gcc/arm-none-eabi/11.3.1/thumb/v7-m/nofp\libc_nano.a(libc_a-fflush.o)
                                                  c:/toolchains/gcc-am-none-eabi-9-2019/bin/../lib/gcc/arm-none-eabi/11.3.1/thumb/v7-m/nofp\libc_nano.a(libc_a-findfp.o)
_fini                                             c:/toolchains/gcc-am-none-eabi-9-2019/bin/../lib/gcc/arm-none-eabi/11.3.1/thumb/v7-m/nofp/crti.o
_free_r                                           c:/toolchains/gcc-am-none-eabi-9-2019/bin/../lib/gcc/arm-none-eabi/11.3.1/thumb/v7-m/nofp\libc_nano.a(libc_a-freer.o)
                                                  c:/toolchains/gcc-am-none-eabi-9-2019/bin/../lib/gcc/arm-none-eabi/11.3.1/thumb/v7-m/nofp\libc_nano.a(libc_a-fflush.o)
                                                  c:/toolchains/gcc-am-none-eabi-9-2019/bin/../lib/gcc/arm-none-eabi/11.3.1/thumb/v7-m/nofp\libc_nano.a(libc_a-reent.o)
_fwalk_sglue                                      c:/toolchains/gcc-am-none-eabi-9-2019/bin/../lib/gcc/arm-none-eabi/11.3.1/thumb/v7-m/nofp\libc_nano.a(libc_a-fwalk.o)
                                                  c:/toolchains/gcc-am-none-eabi-9-2019/bin/../lib/gcc/arm-none-eabi/11.3.1/thumb/v7-m/nofp\libc_nano.a(libc_a-fflush.o)
                                                  c:/toolchains/gcc-am-none-eabi-9-2019/bin/../lib/gcc/arm-none-eabi/11.3.1/thumb/v7-m/nofp\libc_nano.a(libc_a-findfp.o)
_impure_data                                      c:/toolchains/gcc-am-none-eabi-9-2019/bin/../lib/gcc/arm-none-eabi/11.3.1/thumb/v7-m/nofp\libc_nano.a(libc_a-impure.o)
                                                  c:/toolchains/gcc-am-none-eabi-9-2019/bin/../lib/gcc/arm-none-eabi/11.3.1/thumb/v7-m/nofp\libc_nano.a(libc_a-fflush.o)
                                                  c:/toolchains/gcc-am-none-eabi-9-2019/bin/../lib/gcc/arm-none-eabi/11.3.1/thumb/v7-m/nofp\libc_nano.a(libc_a-findfp.o)
_impure_ptr                                       c:/toolchains/gcc-am-none-eabi-9-2019/bin/../lib/gcc/arm-none-eabi/11.3.1/thumb/v7-m/nofp\libc_nano.a(libc_a-impure.o)
                                                  c:/toolchains/gcc-am-none-eabi-9-2019/bin/../lib/gcc/arm-none-eabi/11.3.1/thumb/v7-m/nofp\libc_nano.a(libc_a-fflush.o)
                                                  c:/toolchains/gcc-am-none-eabi-9-2019/bin/../lib/gcc/arm-none-eabi/11.3.1/thumb/v7-m/nofp\libc_nano.a(libc_a-reent.o)
_init                                             c:/toolchains/gcc-am-none-eabi-9-2019/bin/../lib/gcc/arm-none-eabi/11.3.1/thumb/v7-m/nofp/crti.o
                                                  c:/toolchains/gcc-am-none-eabi-9-2019/bin/../lib/gcc/arm-none-eabi/11.3.1/thumb/v7-m/nofp\libc_nano.a(libc_a-init.o)
_lseek                                            c:/toolchains/gcc-am-none-eabi-9-2019/bin/../lib/gcc/arm-none-eabi/11.3.1/thumb/v7-m/nofp\libnosys.a(lseek.o)
                                                  c:/toolchains/gcc-am-none-eabi-9-2019/bin/../lib/gcc/arm-none-eabi/11.3.1/thumb/v7-m/nofp\libc_nano.a(libc_a-lseekr.o)
_lseek_r                                          c:/toolchains/gcc-am-none-eabi-9-2019/bin/../lib/gcc/arm-none-eabi/11.3.1/thumb/v7-m/nofp\libc_nano.a(libc_a-lseekr.o)
                                                  c:/toolchains/gcc-am-none-eabi-9-2019/bin/../lib/gcc/arm-none-eabi/11.3.1/thumb/v7-m/nofp\libc_nano.a(libc_a-stdio.o)
_mainCRTStartup                                   c:/toolchains/gcc-am-none-eabi-9-2019/bin/../lib/gcc/arm-none-eabi/11.3.1/thumb/v7-m/nofp/crt0.o
_malloc_r                                         c:/toolchains/gcc-am-none-eabi-9-2019/bin/../lib/gcc/arm-none-eabi/11.3.1/thumb/v7-m/nofp\libc_nano.a(libc_a-mallocr.o)
                                                  c:/toolchains/gcc-am-none-eabi-9-2019/bin/../lib/gcc/arm-none-eabi/11.3.1/thumb/v7-m/nofp\libc_nano.a(libc_a-findfp.o)
_read                                             c:/toolchains/gcc-am-none-eabi-9-2019/bin/../lib/gcc/arm-none-eabi/11.3.1/thumb/v7-m/nofp\libnosys.a(read.o)
                                                  c:/toolchains/gcc-am-none-eabi-9-2019/bin/../lib/gcc/arm-none-eabi/11.3.1/thumb/v7-m/nofp\libc_nano.a(libc_a-readr.o)
_read_r                                           c:/toolchains/gcc-am-none-eabi-9-2019/bin/../lib/gcc/arm-none-eabi/11.3.1/thumb/v7-m/nofp\libc_nano.a(libc_a-readr.o)
                                                  c:/toolchains/gcc-am-none-eabi-9-2019/bin/../lib/gcc/arm-none-eabi/11.3.1/thumb/v7-m/nofp\libc_nano.a(libc_a-stdio.o)
_reclaim_reent                                    c:/toolchains/gcc-am-none-eabi-9-2019/bin/../lib/gcc/arm-none-eabi/11.3.1/thumb/v7-m/nofp\libc_nano.a(libc_a-reent.o)
_sbrk                                             c:/toolchains/gcc-am-none-eabi-9-2019/bin/../lib/gcc/arm-none-eabi/11.3.1/thumb/v7-m/nofp\libnosys.a(sbrk.o)
                                                  c:/toolchains/gcc-am-none-eabi-9-2019/bin/../lib/gcc/arm-none-eabi/11.3.1/thumb/v7-m/nofp\libc_nano.a(libc_a-sbrkr.o)
_sbrk_r                                           c:/toolchains/gcc-am-none-eabi-9-2019/bin/../lib/gcc/arm-none-eabi/11.3.1/thumb/v7-m/nofp\libc_nano.a(libc_a-sbrkr.o)
                                                  c:/toolchains/gcc-am-none-eabi-9-2019/bin/../lib/gcc/arm-none-eabi/11.3.1/thumb/v7-m/nofp\libc_nano.a(libc_a-mallocr.o)
_sbss                                             build/startup_stm32f103xb.o
_sdata                                            build/startup_stm32f103xb.o
_sidata                                           build/startup_stm32f103xb.o
_stack_init                                       c:/toolchains/gcc-am-none-eabi-9-2019/bin/../lib/gcc/arm-none-eabi/11.3.1/thumb/v7-m/nofp/crt0.o
_start                                            c:/toolchains/gcc-am-none-eabi-9-2019/bin/../lib/gcc/arm-none-eabi/11.3.1/thumb/v7-m/nofp/crt0.o
_write                                            c:/toolchains/gcc-am-none-eabi-9-2019/bin/../lib/gcc/arm-none-eabi/11.3.1/thumb/v7-m/nofp\libnosys.a(write.o)
                                                  c:/toolchains/gcc-am-none-eabi-9-2019/bin/../lib/gcc/arm-none-eabi/11.3.1/thumb/v7-m/nofp\libc_nano.a(libc_a-writer.o)
_write_r                                          c:/toolchains/gcc-am-none-eabi-9-2019/bin/../lib/gcc/arm-none-eabi/11.3.1/thumb/v7-m/nofp\libc_nano.a(libc_a-writer.o)
                                                  c:/toolchains/gcc-am-none-eabi-9-2019/bin/../lib/gcc/arm-none-eabi/11.3.1/thumb/v7-m/nofp\libc_nano.a(libc_a-stdio.o)
atexit                                            c:/toolchains/gcc-am-none-eabi-9-2019/bin/../lib/gcc/arm-none-eabi/11.3.1/thumb/v7-m/nofp/crt0.o
end                                               c:/toolchains/gcc-am-none-eabi-9-2019/bin/../lib/gcc/arm-none-eabi/11.3.1/thumb/v7-m/nofp\libnosys.a(sbrk.o)
errno                                             c:/toolchains/gcc-am-none-eabi-9-2019/bin/../lib/gcc/arm-none-eabi/11.3.1/thumb/v7-m/nofp\libc_nano.a(libc_a-reent.o)
                                                  c:/toolchains/gcc-am-none-eabi-9-2019/bin/../lib/gcc/arm-none-eabi/11.3.1/thumb/v7-m/nofp\libnosys.a(write.o)
                                                  c:/toolchains/gcc-am-none-eabi-9-2019/bin/../lib/gcc/arm-none-eabi/11.3.1/thumb/v7-m/nofp\libnosys.a(read.o)
                                                  c:/toolchains/gcc-am-none-eabi-9-2019/bin/../lib/gcc/arm-none-eabi/11.3.1/thumb/v7-m/nofp\libnosys.a(lseek.o)
                                                  c:/toolchains/gcc-am-none-eabi-9-2019/bin/../lib/gcc/arm-none-eabi/11.3.1/thumb/v7-m/nofp\libnosys.a(close.o)
                                                  c:/toolchains/gcc-am-none-eabi-9-2019/bin/../lib/gcc/arm-none-eabi/11.3.1/thumb/v7-m/nofp\libc_nano.a(libc_a-sbrkr.o)
                                                  c:/toolchains/gcc-am-none-eabi-9-2019/bin/../lib/gcc/arm-none-eabi/11.3.1/thumb/v7-m/nofp\libc_nano.a(libc_a-writer.o)
                                                  c:/toolchains/gcc-am-none-eabi-9-2019/bin/../lib/gcc/arm-none-eabi/11.3.1/thumb/v7-m/nofp\libc_nano.a(libc_a-readr.o)
                                                  c:/toolchains/gcc-am-none-eabi-9-2019/bin/../lib/gcc/arm-none-eabi/11.3.1/thumb/v7-m/nofp\libc_nano.a(libc_a-lseekr.o)
                                                  c:/toolchains/gcc-am-none-eabi-9-2019/bin/../lib/gcc/arm-none-eabi/11.3.1/thumb/v7-m/nofp\libc_nano.a(libc_a-closer.o)
exit                                              c:/toolchains/gcc-am-none-eabi-9-2019/bin/../lib/gcc/arm-none-eabi/11.3.1/thumb/v7-m/nofp\libc_nano.a(libc_a-exit.o)
                                                  c:/toolchains/gcc-am-none-eabi-9-2019/bin/../lib/gcc/arm-none-eabi/11.3.1/thumb/v7-m/nofp/crt0.o
fflush                                            c:/toolchains/gcc-am-none-eabi-9-2019/bin/../lib/gcc/arm-none-eabi/11.3.1/thumb/v7-m/nofp\libc_nano.a(libc_a-fflush.o)
g_pfnVectors                                      build/startup_stm32f103xb.o
hardware_init_hook                                c:/toolchains/gcc-am-none-eabi-9-2019/bin/../lib/gcc/arm-none-eabi/11.3.1/thumb/v7-m/nofp/crt0.o
main                                              build/main.o
                                                  build/startup_stm32f103xb.o
                                                  c:/toolchains/gcc-am-none-eabi-9-2019/bin/../lib/gcc/arm-none-eabi/11.3.1/thumb/v7-m/nofp/crt0.o
memset                                            c:/toolchains/gcc-am-none-eabi-9-2019/bin/../lib/gcc/arm-none-eabi/11.3.1/thumb/v7-m/nofp\libc_nano.a(libc_a-memset.o)
                                                  c:/toolchains/gcc-am-none-eabi-9-2019/bin/../lib/gcc/arm-none-eabi/11.3.1/thumb/v7-m/nofp\libc_nano.a(libc_a-findfp.o)
                                                  build/main.o
                                                  c:/toolchains/gcc-am-none-eabi-9-2019/bin/../lib/gcc/arm-none-eabi/11.3.1/thumb/v7-m/nofp/crt0.o
outra                                             build/main.o
pFlash                                            build/stm32f1xx_hal_flash.o
                                                  build/stm32f1xx_hal_flash_ex.o
software_init_hook                                c:/toolchains/gcc-am-none-eabi-9-2019/bin/../lib/gcc/arm-none-eabi/11.3.1/thumb/v7-m/nofp/crt0.o
uwTick                                            build/stm32f1xx_hal.o
uwTickFreq                                        build/stm32f1xx_hal.o
uwTickPrio                                        build/stm32f1xx_hal.o
                                                  build/stm32f1xx_hal_rcc.o
valor                                             build/main.o
x                                                 build/main.o
